// Jest Snapshot v1, https://goo.gl/fbAQLP

exports[`Footer Component show  Footer renders correctly 1`] = `
<p>
   Footer
</p>
`;
