// Jest Snapshot v1, https://goo.gl/fbAQLP

exports[`Header Component show  Header renders correctly 1`] = `
<div>
  <header
    class="header header--user-dashboard"
  >
    <div
      class="logo"
    >
      <a
        href="#"
      >
        <img
          alt=""
          src="assets/img/logo-lokaventour.png"
        />
      </a>
    </div>
     
    <div
      class="user-setting"
    >
      <ul>
        <li>
          <a
            class="notif notif--top"
            href="#"
          >
            <img
              alt=""
              src="assets/img/ic-notif.svg"
            />
          </a>
        </li>
         
        <li>
          <a
            href="#"
          >
            <div
              class="avatar avatar--extra-small"
            >
              <img
                alt=""
                src="assets/img/avatar.png"
              />
            </div>
          </a>
        </li>
      </ul>
    </div>
  </header>
   
  <aside
    class="column side-icon"
  >
    <nav>
      <ul>
        <li>
          <a
            href="#"
          >
            <img
              alt=""
              src="assets/img/ic-dashboard.svg"
            />
          </a>
        </li>
         
        <li>
          <a
            class="notif notif--center"
            href="#"
          >
            <img
              alt=""
              src="assets/img/ic-wallet.svg"
            />
          </a>
        </li>
         
        <li>
          <a
            href="#"
          >
            <img
              alt=""
              src="assets/img/ic-analytic.svg"
            />
          </a>
        </li>
         
        <li>
          <a
            class="notif notif--center"
            href="#"
          >
            <img
              alt=""
              src="assets/img/ic-comment.svg"
            />
          </a>
        </li>
      </ul>
       
      <ul
        class="bottom"
      >
        <li>
          <a
            href="#"
          >
            <img
              alt=""
              src="assets/img/ic-help.svg"
            />
          </a>
        </li>
         
        <li>
          <a
            href="#"
          >
            <img
              alt=""
              src="assets/img/ic-settings.svg"
            />
          </a>
        </li>
      </ul>
    </nav>
  </aside>
   
  <aside
    class="column side-menu"
  >
    <nav>
      <ul>
        <li
          class="active"
        >
          <router-link
            to="/"
          >
            
            Dashboard
          
          </router-link>
        </li>
         
        <li>
          <router-link
            to="/users"
          >
            
            Users
          
          </router-link>
        </li>
         
        <li>
          <router-link
            to="/tour-packages"
          >
            
            Tour Packages
          
          </router-link>
        </li>
         
        <li>
          <router-link
            to="/curated-contents"
          >
            
            Curated Contents
          
          </router-link>
        </li>
         
        <li>
          <router-link
            to="/tour-preferences"
          >
            
            Tour Preferences
          
          </router-link>
        </li>
         
        <li>
          <router-link
            to="/categories-tags"
          >
            
            Categories & Tags
          
          </router-link>
        </li>
         
        <li>
          <router-link
            to="/refund-management"
          >
            
            Refund Management
          
          </router-link>
        </li>
      </ul>
    </nav>
  </aside>
</div>
`;
